../Core/Src/main.c:79:5:__io_putchar	16	static
../Core/Src/main.c:95:5:main	40	static
../Core/Src/main.c:209:6:SystemClock_Config	88	static
../Core/Src/main.c:255:13:MX_ETH_Init	8	static
../Core/Src/main.c:304:13:MX_I2C1_Init	8	static
../Core/Src/main.c:352:13:MX_I2C2_Init	8	static
../Core/Src/main.c:400:13:MX_SPI2_Init	8	static
../Core/Src/main.c:438:13:MX_USART3_UART_Init	8	static
../Core/Src/main.c:471:13:MX_USB_OTG_FS_PCD_Init	8	static
../Core/Src/main.c:506:13:MX_GPIO_Init	64	static
../Core/Src/main.c:575:6:HAL_GPIO_EXTI_Callback	16	static
../Core/Src/main.c:587:6:Error_Handler	4	static,ignoring_inline_asm
