../Core/Src/main.c:93:5:__io_putchar	16	static
../Core/Src/main.c:109:5:main	104	static
../Core/Src/main.c:222:6:SystemClock_Config	88	static
../Core/Src/main.c:268:13:MX_ETH_Init	8	static
../Core/Src/main.c:317:13:MX_I2C1_Init	8	static
../Core/Src/main.c:365:13:MX_I2C2_Init	8	static
../Core/Src/main.c:413:13:MX_SPI2_Init	8	static
../Core/Src/main.c:451:13:MX_TIM10_Init	8	static
../Core/Src/main.c:482:13:MX_USART3_UART_Init	8	static
../Core/Src/main.c:515:13:MX_USB_OTG_FS_PCD_Init	8	static
../Core/Src/main.c:550:13:MX_GPIO_Init	56	static
../Core/Src/main.c:619:6:HAL_GPIO_EXTI_Callback	16	static
../Core/Src/main.c:627:6:HAL_TIM_PeriodElapsedCallback	16	static
../Core/Src/main.c:640:6:Error_Handler	4	static,ignoring_inline_asm
