../Core/Src/nrf.c:11:9:NRF_SPI_RW	24	static
../Core/Src/nrf.c:28:6:NRF_ReadRegs	24	static
../Core/Src/nrf.c:60:6:NRF_WriteRegs	24	static
../Core/Src/nrf.c:86:6:NRF_Init	16	static
../Core/Src/nrf.c:138:6:NRF_SET_RadioParams	24	static
../Core/Src/nrf.c:158:6:NRF_SET_Frequency	24	static
../Core/Src/nrf.c:173:6:NRF_SET_Mode	24	static
../Core/Src/nrf.c:193:6:NRF_SET_PowerMode	24	static
../Core/Src/nrf.c:213:6:NRF_SET_DynamicPayload	24	static
../Core/Src/nrf.c:234:6:NRF_SET_CRC	24	static
../Core/Src/nrf.c:255:6:NRF_SET_PipeAddressWidth	24	static
../Core/Src/nrf.c:271:6:NRF_SET_Retransmission	24	static
../Core/Src/nrf.c:287:6:NRF_SET_PipeAddress	24	static
../Core/Src/nrf.c:327:6:NRF_SET_PipeRX	24	static
../Core/Src/nrf.c:369:6:NRF_SET_PipeTX	24	static
../Core/Src/nrf.c:403:6:NRF_GET_PipeNumber	24	static
../Core/Src/nrf.c:419:6:NRF_GET_PayloadLength	16	static
../Core/Src/nrf.c:433:6:NRF_FlushRXFifo	16	static
../Core/Src/nrf.c:449:6:NRF_FlushTXFifo	16	static
../Core/Src/nrf.c:467:6:NRF_WriteTxPayload	24	static
../Core/Src/nrf.c:491:6:NRF_ReadRxPayload	24	static
../Core/Src/nrf.c:513:6:NRF_ClearIRQFlags	16	static
../Core/Src/nrf.c:534:6:NRF_IRQ_Callback	24	static
../Core/Src/nrf.c:578:6:NRF_IRQ_RxHandler	24	static
../Core/Src/nrf.c:610:6:NRF_IRQ_TxHandler	8	static
../Core/Src/nrf.c:624:6:NRF_IRQ_MaxHandler	8	static
