../Core/Src/nrf.c:11:9:NRF_SPI_RW	24	static
../Core/Src/nrf.c:28:6:NRF_ReadRegs	24	static
../Core/Src/nrf.c:60:6:NRF_WriteRegs	24	static
../Core/Src/nrf.c:86:6:NRF_Init	16	static
../Core/Src/nrf.c:146:6:NRF_SET_RadioParams	24	static
../Core/Src/nrf.c:166:6:NRF_SET_Frequency	24	static
../Core/Src/nrf.c:181:6:NRF_SET_Mode	24	static
../Core/Src/nrf.c:201:6:NRF_SET_PowerMode	24	static
../Core/Src/nrf.c:221:6:NRF_SET_DynamicPayload	24	static
../Core/Src/nrf.c:242:6:NRF_SET_CRC	24	static
../Core/Src/nrf.c:263:6:NRF_SET_PipeAddressWidth	24	static
../Core/Src/nrf.c:279:6:NRF_SET_Retransmission	24	static
../Core/Src/nrf.c:295:6:NRF_SET_PipeAddress	24	static
../Core/Src/nrf.c:336:6:NRF_SET_PipeRX	24	static
../Core/Src/nrf.c:379:6:NRF_SET_PipeTX	24	static
../Core/Src/nrf.c:422:6:NRF_GET_PipeNumber	24	static
../Core/Src/nrf.c:438:6:NRF_GET_PayloadLength	16	static
../Core/Src/nrf.c:452:6:NRF_FlushRXFifo	16	static
../Core/Src/nrf.c:468:6:NRF_FlushTXFifo	16	static
../Core/Src/nrf.c:486:6:NRF_WriteTxPayload	24	static
../Core/Src/nrf.c:510:6:NRF_ReadRxPayload	24	static
../Core/Src/nrf.c:532:6:NRF_ClearIRQFlags	16	static
../Core/Src/nrf.c:553:6:NRF_IRQ_Callback	24	static
../Core/Src/nrf.c:598:6:NRF_IRQ_RxHandler	24	static
../Core/Src/nrf.c:633:6:NRF_IRQ_TxHandler	8	static
../Core/Src/nrf.c:647:6:NRF_IRQ_MaxHandler	8	static
../Core/Src/nrf.c:663:6:NRF_ResetPlos	16	static
../Core/Src/nrf.c:678:6:NRF_PrintConfig	64	static
