../Core/Src/main.c:93:5:__io_putchar	16	static
../Core/Src/main.c:109:5:main	128	static
../Core/Src/main.c:285:6:SystemClock_Config	88	static
../Core/Src/main.c:332:13:MX_I2C1_Init	8	static
../Core/Src/main.c:366:13:MX_I2C3_Init	8	static
../Core/Src/main.c:400:13:MX_SPI2_Init	8	static
../Core/Src/main.c:438:13:MX_TIM3_Init	32	static
../Core/Src/main.c:483:13:MX_TIM10_Init	8	static
../Core/Src/main.c:514:13:MX_USART2_UART_Init	8	static
../Core/Src/main.c:547:13:MX_USART6_UART_Init	8	static
../Core/Src/main.c:578:13:MX_DMA_Init	16	static
../Core/Src/main.c:596:13:MX_GPIO_Init	48	static
../Core/Src/main.c:646:6:HAL_GPIO_EXTI_Callback	16	static
../Core/Src/main.c:654:6:HAL_TIM_PeriodElapsedCallback	16	static
../Core/Src/main.c:669:6:Error_Handler	4	static,ignoring_inline_asm
