../Core/Src/main.c:90:5:main	96	static
../Core/Src/main.c:251:6:SystemClock_Config	88	static
../Core/Src/main.c:297:13:MX_I2C1_Init	8	static
../Core/Src/main.c:331:13:MX_I2C3_Init	8	static
../Core/Src/main.c:365:13:MX_SPI2_Init	8	static
../Core/Src/main.c:403:13:MX_TIM10_Init	8	static
../Core/Src/main.c:434:13:MX_GPIO_Init	48	static
../Core/Src/main.c:477:6:HAL_GPIO_EXTI_Callback	16	static
../Core/Src/main.c:485:6:HAL_TIM_PeriodElapsedCallback	16	static
../Core/Src/main.c:495:23:NRF_Transmit	24	static
../Core/Src/main.c:548:6:Error_Handler	4	static,ignoring_inline_asm
