../Core/Src/main.c:70:5:__io_putchar	16	static
../Core/Src/main.c:88:5:main	120	static
../Core/Src/main.c:215:6:SystemClock_Config	88	static
../Core/Src/main.c:262:13:MX_I2C1_Init	8	static
../Core/Src/main.c:296:13:MX_I2C3_Init	8	static
../Core/Src/main.c:330:13:MX_SPI2_Init	8	static
../Core/Src/main.c:368:13:MX_USART2_UART_Init	8	static
../Core/Src/main.c:401:13:MX_GPIO_Init	48	static
../Core/Src/main.c:450:6:HAL_GPIO_EXTI_Callback	16	static
../Core/Src/main.c:457:13:NRF_Transmit	16	static
../Core/Src/main.c:479:6:Error_Handler	4	static,ignoring_inline_asm
