../Core/Src/main.c:70:5:__io_putchar	16	static
../Core/Src/main.c:95:5:main	72	static
../Core/Src/main.c:231:6:SystemClock_Config	88	static
../Core/Src/main.c:278:13:MX_I2C1_Init	8	static
../Core/Src/main.c:312:13:MX_I2C3_Init	8	static
../Core/Src/main.c:346:13:MX_SPI2_Init	8	static
../Core/Src/main.c:384:13:MX_USART2_UART_Init	8	static
../Core/Src/main.c:417:13:MX_GPIO_Init	48	static
../Core/Src/main.c:466:6:HAL_GPIO_EXTI_Callback	16	static
../Core/Src/main.c:473:23:NRF_Transmit	24	static
../Core/Src/main.c:526:6:Error_Handler	4	static,ignoring_inline_asm
